# serializer version: 1
# name: test_as_dict
  dict({
    'data': dict({
    }),
    'disabled_by': None,
    'domain': 'test',
    'entry_id': 'mock-entry',
    'options': dict({
    }),
    'pref_disable_new_entities': False,
    'pref_disable_polling': False,
    'source': 'user',
    'title': 'Mock Title',
    'unique_id': None,
    'version': 1,
  })
# ---
